// Jest Snapshot v1, https://goo.gl/fbAQLP

exports[`Tests in AppRouter router Should show loading message 1`] = `
<h5>
  Loading...
</h5>
`;

exports[`Tests in AppRouter router Should show public route when the user is not logged 1`] = `
<div>
  <div
    className="container login-container"
  >
    <div
      className="row"
    >
      <div
        className="col-md-6 login-form-1"
      >
        <h3>
          Login
        </h3>
        <form
          onSubmit={[Function]}
        >
          <div
            className="form-group"
          >
            <input
              className="form-control"
              name="loginEmail"
              onChange={[Function]}
              placeholder="Email"
              type="text"
              value=""
            />
          </div>
          <div
            className="form-group"
          >
            <input
              className="form-control"
              name="loginPassword"
              onChange={[Function]}
              placeholder="Password"
              type="password"
              value=""
            />
          </div>
          <div
            className="form-group"
          >
            <input
              className="btnSubmit"
              type="submit"
              value="Login"
            />
          </div>
        </form>
      </div>
      <div
        className="col-md-6 login-form-2"
      >
        <h3>
          Register
        </h3>
        <form
          onSubmit={[Function]}
        >
          <div
            className="form-group"
          >
            <input
              className="form-control"
              name="registerName"
              onChange={[Function]}
              placeholder="Name"
              type="text"
              value=""
            />
          </div>
          <div
            className="form-group"
          >
            <input
              className="form-control"
              name="registerEmail"
              onChange={[Function]}
              placeholder="Email"
              type="email"
              value=""
            />
          </div>
          <div
            className="form-group"
          >
            <input
              className="form-control"
              name="registerPassword"
              onChange={[Function]}
              placeholder="Password"
              type="password"
              value=""
            />
          </div>
          <div
            className="form-group"
          >
            <input
              className="form-control"
              name="registerPassword2"
              onChange={[Function]}
              placeholder="Retype your password"
              type="password"
              value=""
            />
          </div>
          <div
            className="form-group"
          >
            <input
              className="btnSubmit"
              type="submit"
              value="Create account"
            />
          </div>
        </form>
      </div>
    </div>
  </div>
</div>
`;
